// Jest Snapshot v1, https://goo.gl/fbAQLP

exports[`createPredicate iterates through getter records 1`] = `
[
  {
    "declaration A": 0,
  },
  {
    "declaration A": 2,
  },
  {
    "declaration A": 4,
  },
  {
    "declaration A": 6,
  },
  {
    "declaration A": 8,
  },
  {
    "declaration A": 10,
  },
  {
    "declaration A": 12,
  },
  {
    "declaration A": 14,
  },
  {
    "declaration A": 16,
  },
  {
    "declaration A": 18,
  },
  {
    "declaration A": 20,
  },
  {
    "declaration A": 22,
  },
  {
    "declaration A": 24,
  },
]
`;

exports[`createPredicate permutates records with another node 1`] = `
[
  {
    "declaration A": 0,
    "declaration B": 10,
  },
  {
    "declaration A": 3,
    "declaration B": 10,
  },
  {
    "declaration A": 6,
    "declaration B": 10,
  },
  {
    "declaration A": 9,
    "declaration B": 10,
  },
  {
    "declaration A": 12,
    "declaration B": 10,
  },
  {
    "declaration A": 15,
    "declaration B": 10,
  },
  {
    "declaration A": 18,
    "declaration B": 10,
  },
  {
    "declaration A": 21,
    "declaration B": 10,
  },
  {
    "declaration A": 24,
    "declaration B": 10,
  },
  {
    "declaration A": 0,
    "declaration B": 20,
  },
  {
    "declaration A": 3,
    "declaration B": 20,
  },
  {
    "declaration A": 6,
    "declaration B": 20,
  },
  {
    "declaration A": 9,
    "declaration B": 20,
  },
  {
    "declaration A": 12,
    "declaration B": 20,
  },
  {
    "declaration A": 15,
    "declaration B": 20,
  },
  {
    "declaration A": 18,
    "declaration B": 20,
  },
  {
    "declaration A": 21,
    "declaration B": 20,
  },
  {
    "declaration A": 24,
    "declaration B": 20,
  },
]
`;
