// Jest Snapshot v1, https://goo.gl/fbAQLP

exports[`createRecordGenerator iterates through getter records 1`] = `
[
  {
    "declaration A": 1,
    "declaration B": 2,
    "declaration C": 3,
  },
  {
    "declaration A": 1,
    "declaration B": 2,
    "declaration C": 30,
  },
  {
    "declaration A": 1,
    "declaration B": 2,
    "declaration C": 300,
  },
  {
    "declaration A": 10,
    "declaration B": 20,
    "declaration C": 3,
  },
  {
    "declaration A": 10,
    "declaration B": 20,
    "declaration C": 30,
  },
  {
    "declaration A": 10,
    "declaration B": 20,
    "declaration C": 300,
  },
]
`;
